2026-06-17 17:52:32 | INFO     | pipeline_runner           | Logger initialised → logs\pipeline_runner.log
2026-06-17 17:55:05 | INFO     | pipeline_runner           | ======================================================================
2026-06-17 17:55:05 | INFO     | pipeline_runner           | STOCK SCANNER PIPELINE — FULL RUN
2026-06-17 17:55:05 | INFO     | pipeline_runner           | Date: 2026-06-17
2026-06-17 17:55:05 | INFO     | pipeline_runner           | ======================================================================
2026-06-17 17:55:05 | INFO     | pipeline_runner           | 
[STEP 1/12] Initialising database...
2026-06-17 17:55:10 | INFO     | pipeline_runner           | ✅ Database initialised
2026-06-17 17:55:10 | INFO     | pipeline_runner           | 
[STEP 2/12] Fetching full US stock universe...
2026-06-17 17:56:13 | INFO     | pipeline_runner           | ✅ Universe: 6595 tickers
2026-06-17 17:56:13 | INFO     | pipeline_runner           | 
[STEP 3/12] FULL MODE: Fetching 6595 tickers
2026-06-17 17:56:13 | INFO     | pipeline_runner           | Fetching OHLCV data...
2026-06-17 18:32:51 | INFO     | pipeline_runner           | Logger initialised → logs\pipeline_runner.log
2026-06-17 18:33:04 | INFO     | pipeline_runner           | ======================================================================
2026-06-17 18:33:04 | INFO     | pipeline_runner           | STOCK SCANNER PIPELINE — FULL RUN
2026-06-17 18:33:04 | INFO     | pipeline_runner           | Date: 2026-06-17
2026-06-17 18:33:04 | INFO     | pipeline_runner           | ======================================================================
2026-06-17 18:33:04 | INFO     | pipeline_runner           | 
[STEP 1/12] Initialising database...
2026-06-17 18:33:04 | INFO     | pipeline_runner           | ✅ Database initialised
2026-06-17 18:33:04 | INFO     | pipeline_runner           | 
[STEP 2/12] Fetching full US stock universe...
2026-06-17 18:33:20 | INFO     | pipeline_runner           | ✅ Universe: 6595 tickers
2026-06-17 18:33:20 | INFO     | pipeline_runner           | 
[STEP 3/12] FULL MODE: Fetching 6595 tickers
2026-06-17 18:33:20 | INFO     | pipeline_runner           | Fetching OHLCV data...
2026-06-17 18:36:41 | INFO     | pipeline_runner           | Logger initialised → logs\pipeline_runner.log
2026-06-17 18:36:42 | INFO     | pipeline_runner           | ======================================================================
2026-06-17 18:36:42 | INFO     | pipeline_runner           | STOCK SCANNER PIPELINE — FULL RUN
2026-06-17 18:36:42 | INFO     | pipeline_runner           | Date: 2026-06-17
2026-06-17 18:36:42 | INFO     | pipeline_runner           | ======================================================================
2026-06-17 18:36:42 | INFO     | pipeline_runner           | 
[STEP 1/12] Initialising database...
2026-06-17 18:36:42 | INFO     | pipeline_runner           | ✅ Database initialised
2026-06-17 18:36:42 | INFO     | pipeline_runner           | 
[STEP 2/12] Fetching full US stock universe...
2026-06-17 18:36:48 | INFO     | pipeline_runner           | ✅ Universe: 6595 tickers
2026-06-17 18:36:48 | INFO     | pipeline_runner           | 
[STEP 3/12] FULL MODE: Fetching 6595 tickers
2026-06-17 18:36:48 | INFO     | pipeline_runner           | Fetching OHLCV data...
2026-06-17 18:41:10 | INFO     | pipeline_runner           | Logger initialised → logs\pipeline_runner.log
2026-06-17 18:41:11 | INFO     | pipeline_runner           | ======================================================================
2026-06-17 18:41:11 | INFO     | pipeline_runner           | STOCK SCANNER PIPELINE — FULL RUN
2026-06-17 18:41:11 | INFO     | pipeline_runner           | Date: 2026-06-17
2026-06-17 18:41:11 | INFO     | pipeline_runner           | ======================================================================
2026-06-17 18:41:11 | INFO     | pipeline_runner           | 
[STEP 1/12] Initialising database...
2026-06-17 18:41:11 | INFO     | pipeline_runner           | ✅ Database initialised
2026-06-17 18:41:11 | INFO     | pipeline_runner           | 
[STEP 2/12] Fetching full US stock universe...
2026-06-17 18:41:19 | INFO     | pipeline_runner           | ✅ Universe: 6595 tickers
2026-06-17 18:41:19 | INFO     | pipeline_runner           | 
[STEP 3/12] FULL MODE: Fetching 6595 tickers
2026-06-17 18:41:19 | INFO     | pipeline_runner           | Fetching OHLCV data...
2026-06-17 18:47:16 | INFO     | pipeline_runner           | Logger initialised → logs\pipeline_runner.log
2026-06-17 18:47:17 | INFO     | pipeline_runner           | ======================================================================
2026-06-17 18:47:17 | INFO     | pipeline_runner           | STOCK SCANNER PIPELINE — FULL RUN
2026-06-17 18:47:17 | INFO     | pipeline_runner           | Date: 2026-06-17
2026-06-17 18:47:17 | INFO     | pipeline_runner           | ======================================================================
2026-06-17 18:47:17 | INFO     | pipeline_runner           | 
[STEP 1/12] Initialising database...
2026-06-17 18:47:17 | INFO     | pipeline_runner           | ✅ Database initialised
2026-06-17 18:47:17 | INFO     | pipeline_runner           | 
[STEP 2/12] Fetching full US stock universe...
2026-06-17 18:47:44 | INFO     | pipeline_runner           | Logger initialised → logs\pipeline_runner.log
2026-06-17 18:47:44 | INFO     | pipeline_runner           | ======================================================================
2026-06-17 18:47:44 | INFO     | pipeline_runner           | STOCK SCANNER PIPELINE — FULL RUN
2026-06-17 18:47:44 | INFO     | pipeline_runner           | Date: 2026-06-17
2026-06-17 18:47:44 | INFO     | pipeline_runner           | ======================================================================
2026-06-17 18:47:44 | INFO     | pipeline_runner           | 
[STEP 1/12] Initialising database...
2026-06-17 18:47:44 | INFO     | pipeline_runner           | ✅ Database initialised
2026-06-17 18:47:44 | INFO     | pipeline_runner           | 
[STEP 2/12] Fetching full US stock universe...
2026-06-17 18:47:51 | INFO     | pipeline_runner           | ✅ Universe: 6595 tickers
2026-06-17 18:47:51 | INFO     | pipeline_runner           | 
[STEP 3/12] FULL MODE: Fetching 6595 tickers
2026-06-17 18:47:51 | INFO     | pipeline_runner           | Fetching OHLCV data...
2026-06-17 19:14:18 | INFO     | pipeline_runner           | ✅ Fetched 5077562 rows for 5454 tickers
2026-06-17 19:14:18 | INFO     | pipeline_runner           | 
[STEP 4/12] Writing raw prices to database...
2026-06-17 19:18:40 | INFO     | pipeline_runner           | ✅ 5077562 rows written to raw_prices
2026-06-17 19:18:40 | INFO     | pipeline_runner           | Pruning old price data...
2026-06-17 19:18:42 | INFO     | pipeline_runner           | ✅ Pruned 0 old rows
2026-06-17 19:18:42 | INFO     | pipeline_runner           | 
[STEP 5/12] Applying Stage 1 filter...
2026-06-17 19:19:01 | INFO     | pipeline_runner           | ✅ Stage 1 filter | Input: 5454 | Passed: 33
2026-06-17 19:19:01 | INFO     | pipeline_runner           | 
[STEP 6/12] Fetching sector metadata...
2026-06-17 19:19:14 | INFO     | pipeline_runner           | ✅ Sector metadata: 19 tickers classified
2026-06-17 19:19:14 | INFO     | pipeline_runner           | 
[STEP 7/12] Loading price data for indicator engines...
2026-06-17 19:19:14 | INFO     | pipeline_runner           | ✅ Loaded data for 33 tickers
2026-06-17 19:19:14 | INFO     | pipeline_runner           | 
[STEP 8/12] Running indicator engines...
